
> jatra-qr-verifier@1.0.0 build
> npm run generate-qrs && tsc -b && vite build

